127.0.0.1 - - [11/Oct/2017:15:48:32 +0100] "GET / HTTP/1.1" 404 1073
0:0:0:0:0:0:0:1 - - [11/Oct/2017:15:48:36 +0100] "GET /ProjectMVC/WEB-INF/jsp/addcar.jsp HTTP/1.1" 404 1050
0:0:0:0:0:0:0:1 - - [11/Oct/2017:15:48:53 +0100] "GET /ProjectMVC/carmanager.html HTTP/1.1" 500 15987
127.0.0.1 - - [11/Oct/2017:15:49:52 +0100] "GET / HTTP/1.1" 404 1073
0:0:0:0:0:0:0:1 - - [11/Oct/2017:15:50:08 +0100] "GET /ProjectMVC/carmanager.html HTTP/1.1" 500 15987
0:0:0:0:0:0:0:1 - - [11/Oct/2017:15:50:18 +0100] "GET /ProjectMVC/viewcars.html HTTP/1.1" 500 15987
127.0.0.1 - - [11/Oct/2017:15:59:06 +0100] "GET / HTTP/1.1" 404 1073
0:0:0:0:0:0:0:1 - - [11/Oct/2017:15:59:22 +0100] "GET /ProjectMVC/WEB-INF/jsp/addcar.jsp HTTP/1.1" 404 1050
0:0:0:0:0:0:0:1 - - [11/Oct/2017:15:59:32 +0100] "GET /ProjectMVC/carmanager.html HTTP/1.1" 200 975
0:0:0:0:0:0:0:1 - - [11/Oct/2017:15:59:33 +0100] "GET /favicon.ico HTTP/1.1" 404 1084
0:0:0:0:0:0:0:1 - - [11/Oct/2017:15:59:40 +0100] "GET /ProjectMVC/addcar HTTP/1.1" 500 6230
127.0.0.1 - - [11/Oct/2017:16:00:43 +0100] "GET / HTTP/1.1" 404 1073
0:0:0:0:0:0:0:1 - - [11/Oct/2017:16:01:00 +0100] "GET /ProjectMVC/addcar HTTP/1.1" 500 6257
127.0.0.1 - - [11/Oct/2017:16:02:46 +0100] "GET / HTTP/1.1" 404 1073
0:0:0:0:0:0:0:1 - - [11/Oct/2017:16:03:07 +0100] "GET /ProjectMVC/addcar HTTP/1.1" 500 6247
127.0.0.1 - - [11/Oct/2017:16:04:05 +0100] "GET / HTTP/1.1" 404 1073
0:0:0:0:0:0:0:1 - - [11/Oct/2017:16:04:18 +0100] "GET /ProjectMVC/addcar HTTP/1.1" 500 6251
127.0.0.1 - - [11/Oct/2017:16:04:59 +0100] "GET / HTTP/1.1" 404 1073
0:0:0:0:0:0:0:1 - - [11/Oct/2017:16:05:25 +0100] "GET /ProjectMVC/addcar HTTP/1.1" 500 6257
127.0.0.1 - - [11/Oct/2017:16:09:56 +0100] "GET / HTTP/1.1" 404 1073
0:0:0:0:0:0:0:1 - - [11/Oct/2017:16:10:15 +0100] "GET /ProjectMVC/addcar HTTP/1.1" 200 1250
0:0:0:0:0:0:0:1 - - [11/Oct/2017:16:11:33 +0100] "GET /ProjectMVC/addcar HTTP/1.1" 200 1235
127.0.0.1 - - [11/Oct/2017:16:11:51 +0100] "GET / HTTP/1.1" 404 1073
0:0:0:0:0:0:0:1 - - [11/Oct/2017:16:12:19 +0100] "GET /ProjectMVC/addcar HTTP/1.1" 200 1235
127.0.0.1 - - [11/Oct/2017:16:13:33 +0100] "GET / HTTP/1.1" 404 1073
0:0:0:0:0:0:0:1 - - [11/Oct/2017:16:13:47 +0100] "GET /ProjectMVC/addcar HTTP/1.1" 200 1229
127.0.0.1 - - [11/Oct/2017:16:14:12 +0100] "GET / HTTP/1.1" 404 1073
0:0:0:0:0:0:0:1 - - [11/Oct/2017:16:14:50 +0100] "GET /ProjectMVC/addcar HTTP/1.1" 200 1222
127.0.0.1 - - [11/Oct/2017:16:15:38 +0100] "GET / HTTP/1.1" 404 1073
0:0:0:0:0:0:0:1 - - [11/Oct/2017:16:15:59 +0100] "GET /ProjectMVC/addcar HTTP/1.1" 200 1243
0:0:0:0:0:0:0:1 - - [11/Oct/2017:16:17:34 +0100] "POST /ProjectMVC/savecar HTTP/1.1" 200 1243
0:0:0:0:0:0:0:1 - - [11/Oct/2017:16:17:35 +0100] "POST /ProjectMVC/savecar HTTP/1.1" 200 1243
0:0:0:0:0:0:0:1 - - [11/Oct/2017:16:17:36 +0100] "POST /ProjectMVC/savecar HTTP/1.1" 200 1243
0:0:0:0:0:0:0:1 - - [11/Oct/2017:16:19:41 +0100] "POST /ProjectMVC/savecar HTTP/1.1" 200 1243
0:0:0:0:0:0:0:1 - - [11/Oct/2017:16:23:21 +0100] "POST /ProjectMVC/savecar HTTP/1.1" 200 1243
127.0.0.1 - - [11/Oct/2017:16:25:39 +0100] "GET / HTTP/1.1" 404 1073
0:0:0:0:0:0:0:1 - - [11/Oct/2017:16:26:09 +0100] "POST /ProjectMVC/savecar HTTP/1.1" 200 1263
0:0:0:0:0:0:0:1 - - [11/Oct/2017:16:26:13 +0100] "POST /ProjectMVC/savecar HTTP/1.1" 200 1263
0:0:0:0:0:0:0:1 - - [11/Oct/2017:16:27:03 +0100] "POST /ProjectMVC/savecar HTTP/1.1" 200 1263
0:0:0:0:0:0:0:1 - - [11/Oct/2017:16:27:22 +0100] "POST /ProjectMVC/savecar HTTP/1.1" 200 1263
127.0.0.1 - - [11/Oct/2017:16:28:30 +0100] "GET / HTTP/1.1" 404 1073
0:0:0:0:0:0:0:1 - - [11/Oct/2017:16:28:45 +0100] "POST /ProjectMVC/savecar HTTP/1.1" 200 1264
0:0:0:0:0:0:0:1 - - [11/Oct/2017:16:28:57 +0100] "GET /ProjectMVC/carmanager HTTP/1.1" 200 926
0:0:0:0:0:0:0:1 - - [11/Oct/2017:16:29:00 +0100] "GET /ProjectMVC/viewcars HTTP/1.1" 200 3072
0:0:0:0:0:0:0:1 - - [11/Oct/2017:16:29:04 +0100] "GET /ProjectMVC/addcar HTTP/1.1" 200 1264
0:0:0:0:0:0:0:1 - - [11/Oct/2017:16:29:07 +0100] "GET /ProjectMVC/addcar HTTP/1.1" 200 1264
127.0.0.1 - - [11/Oct/2017:16:29:32 +0100] "GET / HTTP/1.1" 404 1073
0:0:0:0:0:0:0:1 - - [11/Oct/2017:16:31:50 +0100] "GET /ProjectMVC/addcar HTTP/1.1" 200 1262
127.0.0.1 - - [11/Oct/2017:16:33:05 +0100] "GET / HTTP/1.1" 404 1073
127.0.0.1 - - [11/Oct/2017:16:33:53 +0100] "GET / HTTP/1.1" 404 1073
0:0:0:0:0:0:0:1 - - [11/Oct/2017:16:35:01 +0100] "GET /ProjectMVC/addcar HTTP/1.1" 200 1262
0:0:0:0:0:0:0:1 - - [11/Oct/2017:16:37:45 +0100] "GET /ProjectMVC/addcar HTTP/1.1" 200 1207
127.0.0.1 - - [11/Oct/2017:16:38:16 +0100] "GET / HTTP/1.1" 404 1073
0:0:0:0:0:0:0:1 - - [11/Oct/2017:16:38:39 +0100] "GET /ProjectMVC/addcar HTTP/1.1" 200 1207
127.0.0.1 - - [11/Oct/2017:16:39:32 +0100] "GET / HTTP/1.1" 404 1073
0:0:0:0:0:0:0:1 - - [11/Oct/2017:16:40:14 +0100] "GET /ProjectMVC/addcar HTTP/1.1" 200 1224
0:0:0:0:0:0:0:1 - - [11/Oct/2017:16:40:33 +0100] "GET /ProjectMVC/viewcars.html HTTP/1.1" 200 3072
0:0:0:0:0:0:0:1 - - [11/Oct/2017:16:43:24 +0100] "GET /ProjectMVC/viewcars.html HTTP/1.1" 200 3130
0:0:0:0:0:0:0:1 - - [11/Oct/2017:16:43:45 +0100] "GET /ProjectMVC/addcars.html HTTP/1.1" 404 1050
0:0:0:0:0:0:0:1 - - [11/Oct/2017:16:43:58 +0100] "GET /ProjectMVC/addcar HTTP/1.1" 200 1224
127.0.0.1 - - [11/Oct/2017:16:44:46 +0100] "GET / HTTP/1.1" 404 1073
0:0:0:0:0:0:0:1 - - [11/Oct/2017:16:45:10 +0100] "POST /ProjectMVC/savecar HTTP/1.1" 200 1224
0:0:0:0:0:0:0:1 - - [11/Oct/2017:16:45:18 +0100] "GET /ProjectMVC/viewcars HTTP/1.1" 200 3190
0:0:0:0:0:0:0:1 - - [11/Oct/2017:16:45:37 +0100] "GET /ProjectMVC/delete102 HTTP/1.1" 302 -
0:0:0:0:0:0:0:1 - - [11/Oct/2017:16:45:37 +0100] "GET /ProjectMVC/viewcars.html HTTP/1.1" 200 2763
0:0:0:0:0:0:0:1 - - [11/Oct/2017:16:46:48 +0100] "GET /ProjectMVC/edit111 HTTP/1.1" 200 2029
0:0:0:0:0:0:0:1 - - [11/Oct/2017:16:46:59 +0100] "GET /ProjectMVC/edit113 HTTP/1.1" 200 2030
0:0:0:0:0:0:0:1 - - [11/Oct/2017:16:47:10 +0100] "POST /ProjectMVC/savechange HTTP/1.1" 302 -
0:0:0:0:0:0:0:1 - - [11/Oct/2017:16:47:11 +0100] "GET /ProjectMVC/viewcars HTTP/1.1" 200 2710
0:0:0:0:0:0:0:1 - - [11/Oct/2017:16:47:25 +0100] "GET /ProjectMVC/edit113 HTTP/1.1" 200 2030
0:0:0:0:0:0:0:1 - - [11/Oct/2017:16:47:43 +0100] "POST /ProjectMVC/savechange HTTP/1.1" 302 -
0:0:0:0:0:0:0:1 - - [11/Oct/2017:16:47:43 +0100] "GET /ProjectMVC/viewcars HTTP/1.1" 200 2708
0:0:0:0:0:0:0:1 - - [11/Oct/2017:16:49:04 +0100] "GET /ProjectMVC/edit113 HTTP/1.1" 200 2030
0:0:0:0:0:0:0:1 - - [11/Oct/2017:16:49:12 +0100] "POST /ProjectMVC/savechange HTTP/1.1" 302 -
0:0:0:0:0:0:0:1 - - [11/Oct/2017:16:49:12 +0100] "GET /ProjectMVC/viewcars HTTP/1.1" 200 2711
0:0:0:0:0:0:0:1 - - [11/Oct/2017:16:49:20 +0100] "GET /ProjectMVC/edit109 HTTP/1.1" 200 2030
0:0:0:0:0:0:0:1 - - [11/Oct/2017:16:49:25 +0100] "POST /ProjectMVC/savechange HTTP/1.1" 302 -
0:0:0:0:0:0:0:1 - - [11/Oct/2017:16:49:25 +0100] "GET /ProjectMVC/viewcars HTTP/1.1" 200 2709
127.0.0.1 - - [11/Oct/2017:16:51:05 +0100] "GET / HTTP/1.1" 404 1073
0:0:0:0:0:0:0:1 - - [11/Oct/2017:16:51:56 +0100] "GET /ProjectMVC/viewcars HTTP/1.1" 200 2696
127.0.0.1 - - [11/Oct/2017:16:52:36 +0100] "GET / HTTP/1.1" 404 1073
0:0:0:0:0:0:0:1 - - [11/Oct/2017:16:53:09 +0100] "GET /ProjectMVC/viewcars HTTP/1.1" 200 2704
0:0:0:0:0:0:0:1 - - [11/Oct/2017:16:54:02 +0100] "GET /ProjectMVC/viewcars HTTP/1.1" 200 2703
0:0:0:0:0:0:0:1 - - [11/Oct/2017:16:54:14 +0100] "GET /ProjectMVC/viewcars HTTP/1.1" 200 2703
127.0.0.1 - - [11/Oct/2017:16:54:32 +0100] "GET / HTTP/1.1" 404 1073
0:0:0:0:0:0:0:1 - - [11/Oct/2017:16:54:59 +0100] "GET /ProjectMVC/viewcars HTTP/1.1" 200 2703
127.0.0.1 - - [11/Oct/2017:16:56:27 +0100] "GET / HTTP/1.1" 404 1073
0:0:0:0:0:0:0:1 - - [11/Oct/2017:16:56:53 +0100] "GET /ProjectMVC/viewcars HTTP/1.1" 200 2716
127.0.0.1 - - [11/Oct/2017:16:58:37 +0100] "GET / HTTP/1.1" 404 1073
0:0:0:0:0:0:0:1 - - [11/Oct/2017:16:59:09 +0100] "GET /ProjectMVC/viewcars HTTP/1.1" 200 2718
0:0:0:0:0:0:0:1 - - [11/Oct/2017:16:59:17 +0100] "GET /ProjectMVC/delete113 HTTP/1.1" 302 -
0:0:0:0:0:0:0:1 - - [11/Oct/2017:16:59:17 +0100] "GET /ProjectMVC/viewcars.html HTTP/1.1" 200 2307
0:0:0:0:0:0:0:1 - - [11/Oct/2017:16:59:17 +0100] "GET /ProjectMVC/delete111 HTTP/1.1" 302 -
0:0:0:0:0:0:0:1 - - [11/Oct/2017:16:59:17 +0100] "GET /ProjectMVC/viewcars.html HTTP/1.1" 200 1898
0:0:0:0:0:0:0:1 - - [11/Oct/2017:16:59:18 +0100] "GET /ProjectMVC/delete109 HTTP/1.1" 302 -
0:0:0:0:0:0:0:1 - - [11/Oct/2017:16:59:18 +0100] "GET /ProjectMVC/viewcars.html HTTP/1.1" 200 1484
0:0:0:0:0:0:0:1 - - [11/Oct/2017:16:59:19 +0100] "GET /ProjectMVC/delete79 HTTP/1.1" 302 -
0:0:0:0:0:0:0:1 - - [11/Oct/2017:16:59:19 +0100] "GET /ProjectMVC/viewcars.html HTTP/1.1" 200 1072
0:0:0:0:0:0:0:1 - - [11/Oct/2017:17:00:06 +0100] "GET /ProjectMVC/viewcars.html HTTP/1.1" 200 6064
127.0.0.1 - - [11/Oct/2017:17:01:01 +0100] "GET / HTTP/1.1" 404 1073
0:0:0:0:0:0:0:1 - - [11/Oct/2017:17:01:23 +0100] "GET /ProjectMVC/viewcars.html HTTP/1.1" 200 6078
0:0:0:0:0:0:0:1 - - [11/Oct/2017:17:03:04 +0100] "GET /ProjectMVC/delete118 HTTP/1.1" 302 -
0:0:0:0:0:0:0:1 - - [11/Oct/2017:17:03:05 +0100] "GET /ProjectMVC/viewcars.html HTTP/1.1" 200 5648
0:0:0:0:0:0:0:1 - - [11/Oct/2017:17:03:06 +0100] "GET /ProjectMVC/delete119 HTTP/1.1" 302 -
0:0:0:0:0:0:0:1 - - [11/Oct/2017:17:03:06 +0100] "GET /ProjectMVC/viewcars.html HTTP/1.1" 200 5232
0:0:0:0:0:0:0:1 - - [11/Oct/2017:17:03:08 +0100] "GET /ProjectMVC/edit123 HTTP/1.1" 200 2030
127.0.0.1 - - [11/Oct/2017:17:13:56 +0100] "GET / HTTP/1.1" 404 1073
0:0:0:0:0:0:0:1 - - [11/Oct/2017:17:14:39 +0100] "GET /ProjectMVC/viewcars.html HTTP/1.1" 200 5222
0:0:0:0:0:0:0:1 - - [11/Oct/2017:17:14:47 +0100] "GET /ProjectMVC/edit116 HTTP/1.1" 200 2125
127.0.0.1 - - [11/Oct/2017:17:16:29 +0100] "GET / HTTP/1.1" 404 1073
0:0:0:0:0:0:0:1 - - [11/Oct/2017:17:16:55 +0100] "GET /ProjectMVC/edit116 HTTP/1.1" 200 2200
127.0.0.1 - - [11/Oct/2017:17:22:36 +0100] "GET / HTTP/1.1" 404 1073
0:0:0:0:0:0:0:1 - - [11/Oct/2017:17:23:42 +0100] "GET /ProjectMVC/viewcars.html HTTP/1.1" 200 5264
0:0:0:0:0:0:0:1 - - [11/Oct/2017:17:24:28 +0100] "GET /ProjectMVC/edit115 HTTP/1.1" 200 2243
0:0:0:0:0:0:0:1 - - [11/Oct/2017:17:25:48 +0100] "POST /ProjectMVC/savechange HTTP/1.1" 302 -
0:0:0:0:0:0:0:1 - - [11/Oct/2017:17:25:48 +0100] "GET /ProjectMVC/viewcars HTTP/1.1" 200 5258
0:0:0:0:0:0:0:1 - - [11/Oct/2017:17:25:57 +0100] "GET /ProjectMVC/edit115 HTTP/1.1" 200 2241
0:0:0:0:0:0:0:1 - - [11/Oct/2017:17:26:03 +0100] "POST /ProjectMVC/savechange HTTP/1.1" 302 -
0:0:0:0:0:0:0:1 - - [11/Oct/2017:17:26:03 +0100] "GET /ProjectMVC/viewcars HTTP/1.1" 200 5258
0:0:0:0:0:0:0:1 - - [11/Oct/2017:17:26:06 +0100] "GET /ProjectMVC/edit115 HTTP/1.1" 200 2241
0:0:0:0:0:0:0:1 - - [11/Oct/2017:17:26:11 +0100] "POST /ProjectMVC/savechange HTTP/1.1" 302 -
0:0:0:0:0:0:0:1 - - [11/Oct/2017:17:26:11 +0100] "GET /ProjectMVC/viewcars HTTP/1.1" 200 5261
127.0.0.1 - - [11/Oct/2017:17:29:10 +0100] "GET / HTTP/1.1" 404 1073
0:0:0:0:0:0:0:1 - - [11/Oct/2017:17:29:46 +0100] "GET /ProjectMVC/viewcars HTTP/1.1" 200 5343
0:0:0:0:0:0:0:1 - - [11/Oct/2017:17:29:48 +0100] "GET /ProjectMVC/viewcars HTTP/1.1" 200 5343
0:0:0:0:0:0:0:1 - - [11/Oct/2017:17:29:49 +0100] "GET /ProjectMVC/viewcars HTTP/1.1" 200 5343
127.0.0.1 - - [11/Oct/2017:17:31:03 +0100] "GET / HTTP/1.1" 404 1073
0:0:0:0:0:0:0:1 - - [11/Oct/2017:17:31:13 +0100] "GET /ProjectMVC/viewcars HTTP/1.1" 200 5422
0:0:0:0:0:0:0:1 - - [11/Oct/2017:17:31:25 +0100] "GET /ProjectMVC/addcar HTTP/1.1" 200 1266
0:0:0:0:0:0:0:1 - - [11/Oct/2017:17:31:27 +0100] "POST /ProjectMVC/savecar HTTP/1.1" 200 1266
0:0:0:0:0:0:0:1 - - [11/Oct/2017:17:31:29 +0100] "POST /ProjectMVC/savecar HTTP/1.1" 200 1266
127.0.0.1 - - [11/Oct/2017:17:32:40 +0100] "GET / HTTP/1.1" 404 1073
0:0:0:0:0:0:0:1 - - [11/Oct/2017:17:33:15 +0100] "POST /ProjectMVC/savecar HTTP/1.1" 200 1266
127.0.0.1 - - [11/Oct/2017:17:35:03 +0100] "GET / HTTP/1.1" 404 1073
0:0:0:0:0:0:0:1 - - [11/Oct/2017:17:35:21 +0100] "POST /ProjectMVC/savecar HTTP/1.1" 302 -
0:0:0:0:0:0:0:1 - - [11/Oct/2017:17:35:25 +0100] "GET /ProjectMVC/viewcars HTTP/1.1" 200 5446
0:0:0:0:0:0:0:1 - - [11/Oct/2017:17:35:36 +0100] "GET /ProjectMVC/viewcars HTTP/1.1" 200 5446
0:0:0:0:0:0:0:1 - - [11/Oct/2017:17:35:39 +0100] "GET /ProjectMVC/addcar HTTP/1.1" 200 1266
0:0:0:0:0:0:0:1 - - [11/Oct/2017:17:35:41 +0100] "POST /ProjectMVC/savecar HTTP/1.1" 302 -
0:0:0:0:0:0:0:1 - - [11/Oct/2017:17:35:41 +0100] "GET /ProjectMVC/viewcars HTTP/1.1" 200 5446
0:0:0:0:0:0:0:1 - - [11/Oct/2017:17:36:25 +0100] "GET /ProjectMVC/viewcars HTTP/1.1" 200 5446
127.0.0.1 - - [11/Oct/2017:17:44:57 +0100] "GET / HTTP/1.1" 404 1073
0:0:0:0:0:0:0:1 - - [11/Oct/2017:17:45:39 +0100] "GET /ProjectMVC/viewcars HTTP/1.1" 200 5446
0:0:0:0:0:0:0:1 - - [11/Oct/2017:17:45:42 +0100] "GET /ProjectMVC/edit115 HTTP/1.1" 200 2241
0:0:0:0:0:0:0:1 - - [11/Oct/2017:17:45:47 +0100] "POST /ProjectMVC/savechange HTTP/1.1" 302 -
0:0:0:0:0:0:0:1 - - [11/Oct/2017:17:45:47 +0100] "GET /ProjectMVC/viewcars HTTP/1.1" 200 5443
0:0:0:0:0:0:0:1 - - [11/Oct/2017:17:48:08 +0100] "GET /ProjectMVC/addcar HTTP/1.1" 200 1266
0:0:0:0:0:0:0:1 - - [11/Oct/2017:17:48:10 +0100] "POST /ProjectMVC/savecar HTTP/1.1" 302 -
0:0:0:0:0:0:0:1 - - [11/Oct/2017:17:48:11 +0100] "GET /ProjectMVC/viewcars HTTP/1.1" 200 5443
0:0:0:0:0:0:0:1 - - [11/Oct/2017:17:48:33 +0100] "GET /ProjectMVC/delete125 HTTP/1.1" 302 -
0:0:0:0:0:0:0:1 - - [11/Oct/2017:17:48:33 +0100] "GET /ProjectMVC/viewcars.html HTTP/1.1" 200 5028
0:0:0:0:0:0:0:1 - - [11/Oct/2017:17:48:35 +0100] "GET /ProjectMVC/delete124 HTTP/1.1" 302 -
0:0:0:0:0:0:0:1 - - [11/Oct/2017:17:48:35 +0100] "GET /ProjectMVC/viewcars.html HTTP/1.1" 200 4613
0:0:0:0:0:0:0:1 - - [11/Oct/2017:17:48:36 +0100] "GET /ProjectMVC/delete123 HTTP/1.1" 302 -
0:0:0:0:0:0:0:1 - - [11/Oct/2017:17:48:36 +0100] "GET /ProjectMVC/viewcars.html HTTP/1.1" 200 4198
0:0:0:0:0:0:0:1 - - [11/Oct/2017:17:48:38 +0100] "GET /ProjectMVC/delete122 HTTP/1.1" 302 -
0:0:0:0:0:0:0:1 - - [11/Oct/2017:17:48:38 +0100] "GET /ProjectMVC/viewcars.html HTTP/1.1" 200 3783
0:0:0:0:0:0:0:1 - - [11/Oct/2017:17:52:59 +0100] "GET /ProjectMVC/viewcars.html HTTP/1.1" 200 3783
0:0:0:0:0:0:0:1 - - [11/Oct/2017:17:53:17 +0100] "GET /ProjectMVC/edit121 HTTP/1.1" 200 2241
127.0.0.1 - - [11/Oct/2017:17:54:21 +0100] "GET / HTTP/1.1" 404 1073
0:0:0:0:0:0:0:1 - - [11/Oct/2017:17:54:57 +0100] "GET /ProjectMVC/edit116 HTTP/1.1" 200 2241
0:0:0:0:0:0:0:1 - - [11/Oct/2017:17:54:57 +0100] "GET /ProjectMVC/viewcars.html HTTP/1.1" 200 3789
0:0:0:0:0:0:0:1 - - [11/Oct/2017:17:55:05 +0100] "POST /ProjectMVC/savechange HTTP/1.1" 302 -
0:0:0:0:0:0:0:1 - - [11/Oct/2017:17:55:05 +0100] "GET /ProjectMVC/viewcars HTTP/1.1" 200 3773
0:0:0:0:0:0:0:1 - - [11/Oct/2017:17:55:24 +0100] "GET /ProjectMVC/edit121 HTTP/1.1" 200 2241
0:0:0:0:0:0:0:1 - - [11/Oct/2017:17:55:42 +0100] "POST /ProjectMVC/savechange HTTP/1.1" 302 -
0:0:0:0:0:0:0:1 - - [11/Oct/2017:17:55:42 +0100] "GET /ProjectMVC/viewcars HTTP/1.1" 200 3757
0:0:0:0:0:0:0:1 - - [11/Oct/2017:17:55:51 +0100] "GET /ProjectMVC/viewcars HTTP/1.1" 200 3757
0:0:0:0:0:0:0:1 - - [11/Oct/2017:17:58:31 +0100] "GET /ProjectMVC/viewcars HTTP/1.1" 200 3777
0:0:0:0:0:0:0:1 - - [11/Oct/2017:17:58:33 +0100] "GET /ProjectMVC/viewcars HTTP/1.1" 200 3777
0:0:0:0:0:0:0:1 - - [11/Oct/2017:17:58:34 +0100] "GET /ProjectMVC/viewcars HTTP/1.1" 200 3777
0:0:0:0:0:0:0:1 - - [11/Oct/2017:17:58:35 +0100] "GET /ProjectMVC/viewcars HTTP/1.1" 200 3777
0:0:0:0:0:0:0:1 - - [11/Oct/2017:17:58:37 +0100] "GET /ProjectMVC/viewcars HTTP/1.1" 200 3777
0:0:0:0:0:0:0:1 - - [11/Oct/2017:17:58:39 +0100] "GET /ProjectMVC/viewcars HTTP/1.1" 200 3777
0:0:0:0:0:0:0:1 - - [11/Oct/2017:17:58:40 +0100] "GET /ProjectMVC/viewcars HTTP/1.1" 200 3777
0:0:0:0:0:0:0:1 - - [11/Oct/2017:17:59:08 +0100] "GET /ProjectMVC/edit117 HTTP/1.1" 200 2241
0:0:0:0:0:0:0:1 - - [11/Oct/2017:17:59:16 +0100] "POST /ProjectMVC/savechange HTTP/1.1" 302 -
0:0:0:0:0:0:0:1 - - [11/Oct/2017:17:59:16 +0100] "GET /ProjectMVC/viewcars HTTP/1.1" 200 3761
0:0:0:0:0:0:0:1 - - [11/Oct/2017:18:06:32 +0100] "GET /ProjectMVC/viewcars HTTP/1.1" 200 3755
0:0:0:0:0:0:0:1 - - [11/Oct/2017:18:19:54 +0100] "GET /ProjectMVC/viewcars HTTP/1.1" 200 3755
0:0:0:0:0:0:0:1 - - [11/Oct/2017:18:26:14 +0100] "GET /ProjectMVC/viewcars HTTP/1.1" 200 3755
0:0:0:0:0:0:0:1 - - [11/Oct/2017:18:31:39 +0100] "GET /ProjectMVC/viewcars HTTP/1.1" 200 3755
0:0:0:0:0:0:0:1 - - [11/Oct/2017:18:31:46 +0100] "GET /ProjectMVC/delete115 HTTP/1.1" 302 -
0:0:0:0:0:0:0:1 - - [11/Oct/2017:18:31:47 +0100] "GET /ProjectMVC/viewcars.html HTTP/1.1" 200 3346
0:0:0:0:0:0:0:1 - - [11/Oct/2017:18:31:47 +0100] "GET /ProjectMVC/delete116 HTTP/1.1" 302 -
0:0:0:0:0:0:0:1 - - [11/Oct/2017:18:31:47 +0100] "GET /ProjectMVC/viewcars.html HTTP/1.1" 200 2937
0:0:0:0:0:0:0:1 - - [11/Oct/2017:18:31:48 +0100] "GET /ProjectMVC/delete117 HTTP/1.1" 302 -
0:0:0:0:0:0:0:1 - - [11/Oct/2017:18:31:48 +0100] "GET /ProjectMVC/viewcars.html HTTP/1.1" 200 2538
0:0:0:0:0:0:0:1 - - [11/Oct/2017:18:31:50 +0100] "GET /ProjectMVC/delete121 HTTP/1.1" 302 -
0:0:0:0:0:0:0:1 - - [11/Oct/2017:18:31:50 +0100] "GET /ProjectMVC/viewcars.html HTTP/1.1" 200 2129
127.0.0.1 - - [11/Oct/2017:18:54:35 +0100] "GET / HTTP/1.1" 404 1073
0:0:0:0:0:0:0:1 - - [11/Oct/2017:19:00:03 +0100] "GET /ProjectMVC/viewcars.html HTTP/1.1" 200 2113
0:0:0:0:0:0:0:1 - - [11/Oct/2017:19:00:11 +0100] "GET /ProjectMVC/viewcars HTTP/1.1" 200 2113
0:0:0:0:0:0:0:1 - - [11/Oct/2017:19:00:13 +0100] "GET /ProjectMVC/addcar HTTP/1.1" 200 1247
0:0:0:0:0:0:0:1 - - [11/Oct/2017:19:00:15 +0100] "POST /ProjectMVC/savecar HTTP/1.1" 302 -
0:0:0:0:0:0:0:1 - - [11/Oct/2017:19:00:15 +0100] "GET /ProjectMVC/viewcars HTTP/1.1" 200 2113
0:0:0:0:0:0:0:1 - - [11/Oct/2017:19:04:47 +0100] "GET /ProjectMVC/addcar HTTP/1.1" 200 1247
0:0:0:0:0:0:0:1 - - [11/Oct/2017:19:06:36 +0100] "POST /ProjectMVC/savecar HTTP/1.1" 302 -
0:0:0:0:0:0:0:1 - - [11/Oct/2017:19:06:37 +0100] "GET /ProjectMVC/viewcars HTTP/1.1" 200 2095
127.0.0.1 - - [11/Oct/2017:19:11:35 +0100] "GET / HTTP/1.1" 404 1073
0:0:0:0:0:0:0:1 - - [11/Oct/2017:19:12:00 +0100] "GET /ProjectMVC/viewcars HTTP/1.1" 200 2193
127.0.0.1 - - [11/Oct/2017:19:14:04 +0100] "GET / HTTP/1.1" 404 1073
0:0:0:0:0:0:0:1 - - [11/Oct/2017:19:14:43 +0100] "GET /ProjectMVC/viewcars HTTP/1.1" 200 2193
0:0:0:0:0:0:0:1 - - [11/Oct/2017:19:14:47 +0100] "GET /ProjectMVC/addcar HTTP/1.1" 200 1338
0:0:0:0:0:0:0:1 - - [11/Oct/2017:19:14:50 +0100] "POST /ProjectMVC/savecar HTTP/1.1" 302 -
0:0:0:0:0:0:0:1 - - [11/Oct/2017:19:14:51 +0100] "GET /ProjectMVC/viewcars HTTP/1.1" 200 2193
127.0.0.1 - - [11/Oct/2017:19:39:28 +0100] "GET / HTTP/1.1" 404 1073
0:0:0:0:0:0:0:1 - - [11/Oct/2017:19:40:35 +0100] "GET /ProjectMVC/viewcars.html HTTP/1.1" 200 2527
0:0:0:0:0:0:0:1 - - [11/Oct/2017:19:40:43 +0100] "GET /ProjectMVC/edit1 HTTP/1.1" 200 1892
0:0:0:0:0:0:0:1 - - [11/Oct/2017:19:42:20 +0100] "GET /ProjectMVC/edit3 HTTP/1.1" 200 1892
0:0:0:0:0:0:0:1 - - [11/Oct/2017:19:44:25 +0100] "GET /ProjectMVC/viewcars.html HTTP/1.1" 200 2527
0:0:0:0:0:0:0:1 - - [11/Oct/2017:19:44:28 +0100] "GET /ProjectMVC/viewcars HTTP/1.1" 200 2527
0:0:0:0:0:0:0:1 - - [11/Oct/2017:19:44:30 +0100] "GET /ProjectMVC/addcar HTTP/1.1" 200 1803
0:0:0:0:0:0:0:1 - - [11/Oct/2017:19:44:35 +0100] "GET /ProjectMVC/edit3 HTTP/1.1" 200 1916
0:0:0:0:0:0:0:1 - - [11/Oct/2017:19:44:43 +0100] "POST /ProjectMVC/savechange HTTP/1.1" 500 8429
127.0.0.1 - - [11/Oct/2017:19:51:23 +0100] "GET / HTTP/1.1" 404 1073
0:0:0:0:0:0:0:1 - - [11/Oct/2017:19:51:54 +0100] "POST /ProjectMVC/savechange HTTP/1.1" 302 -
0:0:0:0:0:0:0:1 - - [11/Oct/2017:19:51:56 +0100] "GET /ProjectMVC/viewcars HTTP/1.1" 200 2495
0:0:0:0:0:0:0:1 - - [11/Oct/2017:19:52:32 +0100] "GET /ProjectMVC/addcar HTTP/1.1" 200 1825
0:0:0:0:0:0:0:1 - - [11/Oct/2017:19:53:02 +0100] "GET /ProjectMVC/edit3 HTTP/1.1" 200 1877
0:0:0:0:0:0:0:1 - - [11/Oct/2017:19:54:04 +0100] "GET /ProjectMVC/delete3 HTTP/1.1" 302 -
0:0:0:0:0:0:0:1 - - [11/Oct/2017:19:54:04 +0100] "GET /ProjectMVC/viewcars.html HTTP/1.1" 200 2140
0:0:0:0:0:0:0:1 - - [11/Oct/2017:19:54:06 +0100] "GET /ProjectMVC/delete2 HTTP/1.1" 302 -
0:0:0:0:0:0:0:1 - - [11/Oct/2017:19:54:06 +0100] "GET /ProjectMVC/viewcars.html HTTP/1.1" 200 1743
0:0:0:0:0:0:0:1 - - [11/Oct/2017:19:55:20 +0100] "GET /ProjectMVC/addcar HTTP/1.1" 200 1829
0:0:0:0:0:0:0:1 - - [11/Oct/2017:19:55:20 +0100] "GET /ProjectMVC/viewcars HTTP/1.1" 200 1743
127.0.0.1 - - [11/Oct/2017:20:15:37 +0100] "GET / HTTP/1.1" 404 1073
0:0:0:0:0:0:0:1 - - [11/Oct/2017:20:15:53 +0100] "GET /ProjectMVC/viewcars.html HTTP/1.1" 200 1743
0:0:0:0:0:0:0:1 - - [11/Oct/2017:20:16:11 +0100] "GET /ProjectMVC/viewcars.html HTTP/1.1" 200 1743
0:0:0:0:0:0:0:1 - - [11/Oct/2017:20:16:15 +0100] "GET /ProjectMVC/edit1 HTTP/1.1" 200 1916
0:0:0:0:0:0:0:1 - - [11/Oct/2017:20:16:17 +0100] "POST /ProjectMVC/savechange HTTP/1.1" 302 -
0:0:0:0:0:0:0:1 - - [11/Oct/2017:20:16:17 +0100] "GET /ProjectMVC/viewemp HTTP/1.1" 404 1050
127.0.0.1 - - [11/Oct/2017:20:19:29 +0100] "GET / HTTP/1.1" 404 1073
0:0:0:0:0:0:0:1 - - [11/Oct/2017:20:19:59 +0100] "GET /ProjectMVC/viewcars HTTP/1.1" 200 1743
0:0:0:0:0:0:0:1 - - [11/Oct/2017:20:20:26 +0100] "GET /ProjectMVC/delete1 HTTP/1.1" 302 -
0:0:0:0:0:0:0:1 - - [11/Oct/2017:20:20:26 +0100] "GET /ProjectMVC/viewcars.html HTTP/1.1" 200 1346
0:0:0:0:0:0:0:1 - - [11/Oct/2017:20:20:38 +0100] "GET /ProjectMVC/addcar HTTP/1.1" 404 1050
127.0.0.1 - - [11/Oct/2017:20:23:04 +0100] "GET / HTTP/1.1" 404 1073
0:0:0:0:0:0:0:1 - - [11/Oct/2017:20:23:46 +0100] "GET /ProjectMVC/addcar HTTP/1.1" 200 1829
0:0:0:0:0:0:0:1 - - [11/Oct/2017:20:25:15 +0100] "GET /ProjectMVC/viewcars HTTP/1.1" 200 5840
0:0:0:0:0:0:0:1 - - [11/Oct/2017:20:25:19 +0100] "GET /ProjectMVC/delete5 HTTP/1.1" 302 -
0:0:0:0:0:0:0:1 - - [11/Oct/2017:20:25:19 +0100] "GET /ProjectMVC/viewcars.html HTTP/1.1" 200 5467
0:0:0:0:0:0:0:1 - - [11/Oct/2017:20:25:21 +0100] "GET /ProjectMVC/edit6 HTTP/1.1" 200 1916
0:0:0:0:0:0:0:1 - - [11/Oct/2017:20:25:26 +0100] "POST /ProjectMVC/savechange HTTP/1.1" 302 -
0:0:0:0:0:0:0:1 - - [11/Oct/2017:20:25:26 +0100] "GET /ProjectMVC/viewcars HTTP/1.1" 200 5467
0:0:0:0:0:0:0:1 - - [11/Oct/2017:20:25:36 +0100] "GET /ProjectMVC/edit10 HTTP/1.1" 200 1917
0:0:0:0:0:0:0:1 - - [11/Oct/2017:20:25:42 +0100] "POST /ProjectMVC/savechange HTTP/1.1" 302 -
0:0:0:0:0:0:0:1 - - [11/Oct/2017:20:25:42 +0100] "GET /ProjectMVC/viewcars HTTP/1.1" 200 5467
0:0:0:0:0:0:0:1 - - [11/Oct/2017:20:25:46 +0100] "GET /ProjectMVC/edit7 HTTP/1.1" 200 1916
0:0:0:0:0:0:0:1 - - [11/Oct/2017:20:25:54 +0100] "POST /ProjectMVC/savechange HTTP/1.1" 302 -
0:0:0:0:0:0:0:1 - - [11/Oct/2017:20:25:54 +0100] "GET /ProjectMVC/viewcars HTTP/1.1" 200 5464
0:0:0:0:0:0:0:1 - - [11/Oct/2017:20:27:21 +0100] "GET /ProjectMVC/edit10 HTTP/1.1" 200 1917
0:0:0:0:0:0:0:1 - - [11/Oct/2017:20:27:37 +0100] "POST /ProjectMVC/savechange HTTP/1.1" 302 -
0:0:0:0:0:0:0:1 - - [11/Oct/2017:20:27:37 +0100] "GET /ProjectMVC/viewcars HTTP/1.1" 200 5464
0:0:0:0:0:0:0:1 - - [11/Oct/2017:20:27:57 +0100] "GET /ProjectMVC/viewcars HTTP/1.1" 200 5464
0:0:0:0:0:0:0:1 - - [11/Oct/2017:20:28:00 +0100] "GET /ProjectMVC/delete15 HTTP/1.1" 302 -
0:0:0:0:0:0:0:1 - - [11/Oct/2017:20:28:00 +0100] "GET /ProjectMVC/viewcars.html HTTP/1.1" 200 5088
0:0:0:0:0:0:0:1 - - [11/Oct/2017:20:28:01 +0100] "GET /ProjectMVC/addcar HTTP/1.1" 200 1829
127.0.0.1 - - [11/Oct/2017:20:30:24 +0100] "GET / HTTP/1.1" 404 1073
0:0:0:0:0:0:0:1 - - [11/Oct/2017:20:30:30 +0100] "GET /ProjectMVC HTTP/1.1" 302 -
0:0:0:0:0:0:0:1 - - [11/Oct/2017:20:30:30 +0100] "GET /ProjectMVC/ HTTP/1.1" 200 131
0:0:0:0:0:0:0:1 - - [11/Oct/2017:20:30:33 +0100] "GET /ProjectMVC/ HTTP/1.1" 200 131
0:0:0:0:0:0:0:1 - - [11/Oct/2017:20:30:34 +0100] "GET /ProjectMVC/ HTTP/1.1" 200 131
0:0:0:0:0:0:0:1 - - [11/Oct/2017:20:30:35 +0100] "GET /ProjectMVC/ HTTP/1.1" 200 131
0:0:0:0:0:0:0:1 - - [11/Oct/2017:20:30:35 +0100] "GET /ProjectMVC/ HTTP/1.1" 200 131
0:0:0:0:0:0:0:1 - - [11/Oct/2017:20:30:35 +0100] "GET /ProjectMVC/ HTTP/1.1" 200 131
0:0:0:0:0:0:0:1 - - [11/Oct/2017:20:30:36 +0100] "GET /ProjectMVC/ HTTP/1.1" 200 131
0:0:0:0:0:0:0:1 - - [11/Oct/2017:20:30:36 +0100] "GET /ProjectMVC/ HTTP/1.1" 200 131
0:0:0:0:0:0:0:1 - - [11/Oct/2017:20:30:36 +0100] "GET /ProjectMVC/ HTTP/1.1" 200 131
0:0:0:0:0:0:0:1 - - [11/Oct/2017:20:30:36 +0100] "GET /ProjectMVC/ HTTP/1.1" 200 131
0:0:0:0:0:0:0:1 - - [11/Oct/2017:20:30:37 +0100] "GET /ProjectMVC/ HTTP/1.1" 200 131
0:0:0:0:0:0:0:1 - - [11/Oct/2017:20:30:37 +0100] "GET /ProjectMVC/ HTTP/1.1" 200 131
0:0:0:0:0:0:0:1 - - [11/Oct/2017:20:30:37 +0100] "GET /ProjectMVC/ HTTP/1.1" 200 131
0:0:0:0:0:0:0:1 - - [11/Oct/2017:20:30:37 +0100] "GET /ProjectMVC/ HTTP/1.1" 200 131
0:0:0:0:0:0:0:1 - - [11/Oct/2017:20:30:38 +0100] "GET /ProjectMVC/ HTTP/1.1" 200 131
0:0:0:0:0:0:0:1 - - [11/Oct/2017:20:30:38 +0100] "GET /ProjectMVC/ HTTP/1.1" 200 131
0:0:0:0:0:0:0:1 - - [11/Oct/2017:20:30:38 +0100] "GET /ProjectMVC/ HTTP/1.1" 200 131
0:0:0:0:0:0:0:1 - - [11/Oct/2017:20:30:38 +0100] "GET /ProjectMVC/ HTTP/1.1" 200 131
0:0:0:0:0:0:0:1 - - [11/Oct/2017:20:30:38 +0100] "GET /ProjectMVC/ HTTP/1.1" 200 131
0:0:0:0:0:0:0:1 - - [11/Oct/2017:20:30:39 +0100] "GET /ProjectMVC/ HTTP/1.1" 200 131
0:0:0:0:0:0:0:1 - - [11/Oct/2017:20:30:39 +0100] "GET /ProjectMVC/ HTTP/1.1" 200 131
0:0:0:0:0:0:0:1 - - [11/Oct/2017:20:30:39 +0100] "GET /ProjectMVC/ HTTP/1.1" 200 131
0:0:0:0:0:0:0:1 - - [11/Oct/2017:20:30:39 +0100] "GET /ProjectMVC/ HTTP/1.1" 200 131
0:0:0:0:0:0:0:1 - - [11/Oct/2017:20:30:40 +0100] "GET /ProjectMVC/ HTTP/1.1" 200 131
0:0:0:0:0:0:0:1 - - [11/Oct/2017:20:30:40 +0100] "GET /ProjectMVC/ HTTP/1.1" 200 131
0:0:0:0:0:0:0:1 - - [11/Oct/2017:20:30:40 +0100] "GET /ProjectMVC/ HTTP/1.1" 200 131
0:0:0:0:0:0:0:1 - - [11/Oct/2017:20:30:40 +0100] "GET /ProjectMVC/ HTTP/1.1" 200 131
0:0:0:0:0:0:0:1 - - [11/Oct/2017:20:30:51 +0100] "GET /ProjectMVC/index.html HTTP/1.1" 200 1346
0:0:0:0:0:0:0:1 - - [11/Oct/2017:20:30:51 +0100] "GET /ProjectMVC/index.html4 HTTP/1.1" 200 1346
127.0.0.1 - - [11/Oct/2017:20:31:18 +0100] "GET / HTTP/1.1" 404 1073
0:0:0:0:0:0:0:1 - - [11/Oct/2017:20:31:38 +0100] "GET /ProjectMVC/index.html HTTP/1.1" 302 -
0:0:0:0:0:0:0:1 - - [11/Oct/2017:20:31:39 +0100] "GET /ProjectMVC/viewcars HTTP/1.1" 200 5088
0:0:0:0:0:0:0:1 - - [11/Oct/2017:20:33:00 +0100] "GET /ProjectMVC/viewcars HTTP/1.1" 200 5088
0:0:0:0:0:0:0:1 - - [11/Oct/2017:20:33:03 +0100] "GET /favicon.ico HTTP/1.1" 404 1084
0:0:0:0:0:0:0:1 - - [11/Oct/2017:20:33:03 +0100] "GET /favicon.ico HTTP/1.1" 404 1084
0:0:0:0:0:0:0:1 - - [11/Oct/2017:20:33:53 +0100] "GET /ProjectMVC/viewcars HTTP/1.1" 200 5088
0:0:0:0:0:0:0:1 - - [11/Oct/2017:20:34:00 +0100] "GET /ProjectMVC/edit14 HTTP/1.1" 200 1917
0:0:0:0:0:0:0:1 - - [11/Oct/2017:20:34:00 +0100] "GET /D698A961-222C-1341-B7BA-91EF791AEE71/main.js HTTP/1.1" 404 1117
0:0:0:0:0:0:0:1 - - [11/Oct/2017:20:34:07 +0100] "POST /ProjectMVC/savechange HTTP/1.1" 302 -
0:0:0:0:0:0:0:1 - - [11/Oct/2017:20:34:07 +0100] "GET /ProjectMVC/viewcars HTTP/1.1" 200 5088
0:0:0:0:0:0:0:1 - - [11/Oct/2017:20:34:10 +0100] "GET /ProjectMVC/delete10 HTTP/1.1" 302 -
0:0:0:0:0:0:0:1 - - [11/Oct/2017:20:34:10 +0100] "GET /ProjectMVC/viewcars.html HTTP/1.1" 200 4712
0:0:0:0:0:0:0:1 - - [11/Oct/2017:20:34:12 +0100] "GET /ProjectMVC/viewcars HTTP/1.1" 200 4712
0:0:0:0:0:0:0:1 - - [11/Oct/2017:20:34:16 +0100] "GET /ProjectMVC/addcar HTTP/1.1" 200 1829
127.0.0.1 - - [11/Oct/2017:20:45:09 +0100] "GET / HTTP/1.1" 404 1073
0:0:0:0:0:0:0:1 - - [11/Oct/2017:20:45:25 +0100] "GET /ProjectMVC/viewcars HTTP/1.1" 200 4712
0:0:0:0:0:0:0:1 - - [11/Oct/2017:20:45:29 +0100] "GET /ProjectMVC/addcar HTTP/1.1" 200 1836
0:0:0:0:0:0:0:1 - - [11/Oct/2017:20:46:11 +0100] "POST /ProjectMVC/savecar HTTP/1.1" 500 8541
127.0.0.1 - - [11/Oct/2017:20:47:52 +0100] "GET / HTTP/1.1" 404 1073
0:0:0:0:0:0:0:1 - - [11/Oct/2017:20:48:21 +0100] "GET /ProjectMVC/addcar HTTP/1.1" 200 1836
0:0:0:0:0:0:0:1 - - [11/Oct/2017:20:48:49 +0100] "POST /ProjectMVC/savecar HTTP/1.1" 500 8377
127.0.0.1 - - [11/Oct/2017:20:50:34 +0100] "GET / HTTP/1.1" 404 1073
0:0:0:0:0:0:0:1 - - [11/Oct/2017:20:51:01 +0100] "POST /ProjectMVC/savecar HTTP/1.1" 500 8541
0:0:0:0:0:0:0:1 - - [11/Oct/2017:20:51:18 +0100] "GET /ProjectMVC/viewcars.html HTTP/1.1" 200 4712
0:0:0:0:0:0:0:1 - - [11/Oct/2017:20:51:21 +0100] "GET /ProjectMVC/viewcars HTTP/1.1" 200 4712
0:0:0:0:0:0:0:1 - - [11/Oct/2017:20:51:23 +0100] "GET /ProjectMVC/addcar HTTP/1.1" 200 1836
0:0:0:0:0:0:0:1 - - [11/Oct/2017:20:51:56 +0100] "POST /ProjectMVC/savecar HTTP/1.1" 500 8541
127.0.0.1 - - [11/Oct/2017:20:59:26 +0100] "GET / HTTP/1.1" 404 1073
0:0:0:0:0:0:0:1 - - [11/Oct/2017:21:00:24 +0100] "POST /ProjectMVC/savecar HTTP/1.1" 500 8538
0:0:0:0:0:0:0:1 - - [11/Oct/2017:21:01:05 +0100] "GET /ProjectMVC/viewcars HTTP/1.1" 200 5699
0:0:0:0:0:0:0:1 - - [11/Oct/2017:21:01:10 +0100] "GET /ProjectMVC/addcar HTTP/1.1" 200 1836
0:0:0:0:0:0:0:1 - - [11/Oct/2017:21:01:24 +0100] "POST /ProjectMVC/savecar HTTP/1.1" 500 8538
127.0.0.1 - - [11/Oct/2017:21:02:28 +0100] "GET / HTTP/1.1" 404 1073
0:0:0:0:0:0:0:1 - - [11/Oct/2017:21:02:53 +0100] "POST /ProjectMVC/savecar HTTP/1.1" 500 8538
127.0.0.1 - - [11/Oct/2017:21:03:51 +0100] "GET / HTTP/1.1" 404 1073
0:0:0:0:0:0:0:1 - - [11/Oct/2017:21:04:14 +0100] "POST /ProjectMVC/savecar HTTP/1.1" 500 8532
127.0.0.1 - - [11/Oct/2017:21:16:36 +0100] "GET / HTTP/1.1" 404 1073
0:0:0:0:0:0:0:1 - - [11/Oct/2017:21:16:55 +0100] "GET /ProjectMVC/addcar HTTP/1.1" 200 1836
0:0:0:0:0:0:0:1 - - [11/Oct/2017:21:16:56 +0100] "GET /ProjectMVC/viewcars HTTP/1.1" 200 5699
0:0:0:0:0:0:0:1 - - [11/Oct/2017:21:17:16 +0100] "POST /ProjectMVC/savecar HTTP/1.1" 302 -
0:0:0:0:0:0:0:1 - - [11/Oct/2017:21:17:16 +0100] "GET /ProjectMVC/viewcars.html HTTP/1.1" 200 6044
127.0.0.1 - - [11/Oct/2017:21:24:34 +0100] "GET / HTTP/1.1" 404 1073
0:0:0:0:0:0:0:1 - - [11/Oct/2017:21:25:10 +0100] "GET /ProjectMVC/addcar HTTP/1.1" 200 1836
0:0:0:0:0:0:0:1 - - [11/Oct/2017:21:25:19 +0100] "POST /ProjectMVC/savecar HTTP/1.1" 302 -
0:0:0:0:0:0:0:1 - - [11/Oct/2017:21:25:19 +0100] "GET /ProjectMVC/viewcars.html HTTP/1.1" 200 6389
0:0:0:0:0:0:0:1 - - [11/Oct/2017:21:25:53 +0100] "GET /ProjectMVC/addcar HTTP/1.1" 200 1836
0:0:0:0:0:0:0:1 - - [11/Oct/2017:21:26:01 +0100] "POST /ProjectMVC/savecar HTTP/1.1" 302 -
0:0:0:0:0:0:0:1 - - [11/Oct/2017:21:26:01 +0100] "GET /ProjectMVC/viewcars.html HTTP/1.1" 200 6734
127.0.0.1 - - [11/Oct/2017:21:37:49 +0100] "GET / HTTP/1.1" 404 1073
0:0:0:0:0:0:0:1 - - [11/Oct/2017:21:38:19 +0100] "GET /ProjectMVC/viewcars.html HTTP/1.1" 200 6734
0:0:0:0:0:0:0:1 - - [11/Oct/2017:21:38:22 +0100] "GET /ProjectMVC/delete16 HTTP/1.1" 302 -
0:0:0:0:0:0:0:1 - - [11/Oct/2017:21:38:22 +0100] "GET /ProjectMVC/viewcars.html HTTP/1.1" 200 6405
0:0:0:0:0:0:0:1 - - [11/Oct/2017:21:38:23 +0100] "GET /ProjectMVC/delete17 HTTP/1.1" 302 -
0:0:0:0:0:0:0:1 - - [11/Oct/2017:21:38:23 +0100] "GET /ProjectMVC/viewcars.html HTTP/1.1" 200 6076
0:0:0:0:0:0:0:1 - - [11/Oct/2017:21:38:24 +0100] "GET /ProjectMVC/delete18 HTTP/1.1" 302 -
0:0:0:0:0:0:0:1 - - [11/Oct/2017:21:38:24 +0100] "GET /ProjectMVC/viewcars.html HTTP/1.1" 200 5747
0:0:0:0:0:0:0:1 - - [11/Oct/2017:21:38:25 +0100] "GET /ProjectMVC/delete19 HTTP/1.1" 302 -
0:0:0:0:0:0:0:1 - - [11/Oct/2017:21:38:25 +0100] "GET /ProjectMVC/viewcars.html HTTP/1.1" 200 5402
0:0:0:0:0:0:0:1 - - [11/Oct/2017:21:38:26 +0100] "GET /ProjectMVC/delete20 HTTP/1.1" 302 -
0:0:0:0:0:0:0:1 - - [11/Oct/2017:21:38:26 +0100] "GET /ProjectMVC/viewcars.html HTTP/1.1" 200 5057
0:0:0:0:0:0:0:1 - - [11/Oct/2017:21:38:27 +0100] "GET /ProjectMVC/delete21 HTTP/1.1" 302 -
0:0:0:0:0:0:0:1 - - [11/Oct/2017:21:38:27 +0100] "GET /ProjectMVC/viewcars.html HTTP/1.1" 200 4712
0:0:0:0:0:0:0:1 - - [11/Oct/2017:21:38:47 +0100] "GET /ProjectMVC/viewcars HTTP/1.1" 200 4712
0:0:0:0:0:0:0:1 - - [11/Oct/2017:21:38:50 +0100] "GET /ProjectMVC/addcar HTTP/1.1" 200 1829
0:0:0:0:0:0:0:1 - - [11/Oct/2017:21:38:50 +0100] "GET /ProjectMVC/addcar HTTP/1.1" 200 1829
0:0:0:0:0:0:0:1 - - [11/Oct/2017:21:38:59 +0100] "POST /ProjectMVC/savecar HTTP/1.1" 302 -
0:0:0:0:0:0:0:1 - - [11/Oct/2017:21:38:59 +0100] "GET /ProjectMVC/viewcars.html HTTP/1.1" 200 5041
0:0:0:0:0:0:0:1 - - [11/Oct/2017:21:39:12 +0100] "GET /ProjectMVC/addcar HTTP/1.1" 200 1829
0:0:0:0:0:0:0:1 - - [11/Oct/2017:21:39:31 +0100] "POST /ProjectMVC/savecar HTTP/1.1" 302 -
0:0:0:0:0:0:0:1 - - [11/Oct/2017:21:39:31 +0100] "GET /ProjectMVC/viewcars.html HTTP/1.1" 200 5370
127.0.0.1 - - [11/Oct/2017:21:42:20 +0100] "GET / HTTP/1.1" 404 1073
0:0:0:0:0:0:0:1 - - [11/Oct/2017:21:42:33 +0100] "GET /ProjectMVC/addcar HTTP/1.1" 500 4245
127.0.0.1 - - [11/Oct/2017:21:43:10 +0100] "GET / HTTP/1.1" 404 1073
0:0:0:0:0:0:0:1 - - [11/Oct/2017:21:44:38 +0100] "GET /ProjectMVC/viewcars.html HTTP/1.1" 200 5370
0:0:0:0:0:0:0:1 - - [11/Oct/2017:21:44:39 +0100] "GET /ProjectMVC/delete23 HTTP/1.1" 302 -
0:0:0:0:0:0:0:1 - - [11/Oct/2017:21:44:39 +0100] "GET /ProjectMVC/viewcars.html HTTP/1.1" 200 5041
0:0:0:0:0:0:0:1 - - [11/Oct/2017:21:44:40 +0100] "GET /ProjectMVC/delete22 HTTP/1.1" 302 -
0:0:0:0:0:0:0:1 - - [11/Oct/2017:21:44:40 +0100] "GET /ProjectMVC/viewcars.html HTTP/1.1" 200 4712
0:0:0:0:0:0:0:1 - - [11/Oct/2017:21:44:43 +0100] "GET /ProjectMVC/viewcars HTTP/1.1" 200 4712
0:0:0:0:0:0:0:1 - - [11/Oct/2017:21:44:47 +0100] "GET /ProjectMVC/addcar HTTP/1.1" 200 1829
0:0:0:0:0:0:0:1 - - [11/Oct/2017:21:44:52 +0100] "POST /ProjectMVC/savecar HTTP/1.1" 500 8716
127.0.0.1 - - [11/Oct/2017:21:46:34 +0100] "GET / HTTP/1.1" 404 1073
0:0:0:0:0:0:0:1 - - [11/Oct/2017:21:46:56 +0100] "GET /ProjectMVC/addcar HTTP/1.1" 200 1829
0:0:0:0:0:0:0:1 - - [11/Oct/2017:21:46:57 +0100] "POST /ProjectMVC/savecar HTTP/1.1" 302 -
0:0:0:0:0:0:0:1 - - [11/Oct/2017:21:46:57 +0100] "GET /ProjectMVC/viewcars.html HTTP/1.1" 200 5041
0:0:0:0:0:0:0:1 - - [11/Oct/2017:21:47:14 +0100] "GET /ProjectMVC/addcar HTTP/1.1" 200 1829
127.0.0.1 - - [11/Oct/2017:21:47:58 +0100] "GET / HTTP/1.1" 404 1073
0:0:0:0:0:0:0:1 - - [11/Oct/2017:21:48:11 +0100] "POST /ProjectMVC/savecar HTTP/1.1" 500 8480
127.0.0.1 - - [11/Oct/2017:21:49:25 +0100] "GET / HTTP/1.1" 404 1073
0:0:0:0:0:0:0:1 - - [11/Oct/2017:21:50:12 +0100] "GET /ProjectMVC/viewcars HTTP/1.1" 200 5793
0:0:0:0:0:0:0:1 - - [11/Oct/2017:21:50:41 +0100] "GET /ProjectMVC/addcar HTTP/1.1" 200 1829
0:0:0:0:0:0:0:1 - - [11/Oct/2017:21:50:43 +0100] "POST /ProjectMVC/savecar HTTP/1.1" 500 8716
127.0.0.1 - - [11/Oct/2017:22:08:59 +0100] "GET / HTTP/1.1" 404 1073
0:0:0:0:0:0:0:1 - - [11/Oct/2017:22:09:38 +0100] "POST /ProjectMVC/savecar HTTP/1.1" 302 -
0:0:0:0:0:0:0:1 - - [11/Oct/2017:22:09:38 +0100] "GET /ProjectMVC/viewcars.html HTTP/1.1" 200 6138
0:0:0:0:0:0:0:1 - - [11/Oct/2017:22:09:51 +0100] "GET /ProjectMVC/viewcars.html HTTP/1.1" 200 6138
0:0:0:0:0:0:0:1 - - [11/Oct/2017:22:09:54 +0100] "GET /ProjectMVC/viewcars.html HTTP/1.1" 200 6138
0:0:0:0:0:0:0:1 - - [11/Oct/2017:22:10:59 +0100] "GET /ProjectMVC/edit58 HTTP/1.1" 200 1891
0:0:0:0:0:0:0:1 - - [11/Oct/2017:22:11:25 +0100] "GET /ProjectMVC/viewcars HTTP/1.1" 200 6138
127.0.0.1 - - [11/Oct/2017:22:12:35 +0100] "GET / HTTP/1.1" 404 1073
0:0:0:0:0:0:0:1 - - [11/Oct/2017:22:12:52 +0100] "GET /ProjectMVC/addcar HTTP/1.1" 500 6232
127.0.0.1 - - [11/Oct/2017:22:13:57 +0100] "GET / HTTP/1.1" 404 1073
0:0:0:0:0:0:0:1 - - [11/Oct/2017:22:14:36 +0100] "GET /ProjectMVC/viewcars HTTP/1.1" 200 6138
0:0:0:0:0:0:0:1 - - [11/Oct/2017:22:14:45 +0100] "GET /ProjectMVC/addcar HTTP/1.1" 500 6230
127.0.0.1 - - [11/Oct/2017:22:15:38 +0100] "GET / HTTP/1.1" 404 1073
0:0:0:0:0:0:0:1 - - [11/Oct/2017:22:15:55 +0100] "GET /ProjectMVC/addcar HTTP/1.1" 500 6230
127.0.0.1 - - [11/Oct/2017:22:18:16 +0100] "GET / HTTP/1.1" 404 1073
0:0:0:0:0:0:0:1 - - [11/Oct/2017:22:18:32 +0100] "GET /ProjectMVC/addcar HTTP/1.1" 500 6239
0:0:0:0:0:0:0:1 - - [11/Oct/2017:22:18:57 +0100] "GET /ProjectMVC/delete8 HTTP/1.1" 302 -
0:0:0:0:0:0:0:1 - - [11/Oct/2017:22:18:57 +0100] "GET /ProjectMVC/viewcars.html HTTP/1.1" 200 5765
0:0:0:0:0:0:0:1 - - [11/Oct/2017:22:18:59 +0100] "GET /ProjectMVC/delete55 HTTP/1.1" 302 -
0:0:0:0:0:0:0:1 - - [11/Oct/2017:22:18:59 +0100] "GET /ProjectMVC/viewcars.html HTTP/1.1" 200 5436
0:0:0:0:0:0:0:1 - - [11/Oct/2017:22:19:01 +0100] "GET /ProjectMVC/delete58 HTTP/1.1" 302 -
0:0:0:0:0:0:0:1 - - [11/Oct/2017:22:19:01 +0100] "GET /ProjectMVC/viewcars.html HTTP/1.1" 200 5091
0:0:0:0:0:0:0:1 - - [11/Oct/2017:22:19:02 +0100] "GET /ProjectMVC/edit14 HTTP/1.1" 200 1917
0:0:0:0:0:0:0:1 - - [11/Oct/2017:22:19:09 +0100] "POST /ProjectMVC/savechange HTTP/1.1" 302 -
0:0:0:0:0:0:0:1 - - [11/Oct/2017:22:19:09 +0100] "GET /ProjectMVC/viewcars HTTP/1.1" 200 5088
0:0:0:0:0:0:0:1 - - [11/Oct/2017:22:19:26 +0100] "GET /ProjectMVC/addcar HTTP/1.1" 500 6239
127.0.0.1 - - [11/Oct/2017:22:20:49 +0100] "GET / HTTP/1.1" 404 1073
0:0:0:0:0:0:0:1 - - [11/Oct/2017:22:21:00 +0100] "GET /ProjectMVC/addcar HTTP/1.1" 500 6237
127.0.0.1 - - [11/Oct/2017:22:21:59 +0100] "GET / HTTP/1.1" 404 1073
0:0:0:0:0:0:0:1 - - [11/Oct/2017:22:22:22 +0100] "GET /ProjectMVC/addcar HTTP/1.1" 500 6235
127.0.0.1 - - [11/Oct/2017:22:24:26 +0100] "GET / HTTP/1.1" 404 1073
0:0:0:0:0:0:0:1 - - [11/Oct/2017:22:24:47 +0100] "GET /ProjectMVC/addcar HTTP/1.1" 500 6239
127.0.0.1 - - [11/Oct/2017:22:28:22 +0100] "GET / HTTP/1.1" 404 1073
0:0:0:0:0:0:0:1 - - [11/Oct/2017:22:28:35 +0100] "GET /ProjectMVC/viewcars HTTP/1.1" 200 5088
0:0:0:0:0:0:0:1 - - [11/Oct/2017:22:28:40 +0100] "GET /ProjectMVC/addcar HTTP/1.1" 500 6239
